// Jest Snapshot v1, https://goo.gl/fbAQLP

exports[`renders component correctly 1`] = `
<div>
  <h1>
    Gotta Catch 'em All!
  </h1>
</div>
`;